// Jest Snapshot v1, https://goo.gl/fbAQLP

exports[`renders correctly 1`] = `
<div
  className="food_menu"
>
  <div
    className="extra_space"
  />
</div>
`;
