// Jest Snapshot v1, https://goo.gl/fbAQLP

exports[`renders correctly 1`] = `
<div
  class="food_menu"
>
  <div
    class="extra_space"
  />
</div>
`;
